kotlin version: 2.1.0
error message: org.jetbrains.kotlin.backend.common.BackendException: Backend Internal error: Exception during IR lowering
File being compiled: D:/GhostFiles/app/src/main/java/com/example/myapplication/uiboxes/MyBox.kt
The root cause java.lang.RuntimeException was thrown at: org.jetbrains.kotlin.backend.jvm.codegen.FunctionCodegen.generate(FunctionCodegen.kt:48)
	at org.jetbrains.kotlin.backend.common.CodegenUtil.reportBackendException(CodegenUtil.kt:253)
	at org.jetbrains.kotlin.backend.common.CodegenUtil.reportBackendException$default(CodegenUtil.kt:236)
	at org.jetbrains.kotlin.backend.common.phaser.PerformByIrFilePhase.invokeSequential(performByIrFile.kt:55)
	at org.jetbrains.kotlin.backend.common.phaser.PerformByIrFilePhase.invoke(performByIrFile.kt:42)
	at org.jetbrains.kotlin.backend.common.phaser.PerformByIrFilePhase.invoke(performByIrFile.kt:28)
	at org.jetbrains.kotlin.backend.common.phaser.NamedCompilerPhase.phaseBody(CompilerPhase.kt:166)
	at org.jetbrains.kotlin.backend.common.phaser.AbstractNamedCompilerPhase.invoke(CompilerPhase.kt:113)
	at org.jetbrains.kotlin.backend.common.phaser.CompositePhase.invoke(PhaseBuilders.kt:27)
	at org.jetbrains.kotlin.backend.common.phaser.CompositePhase.invoke(PhaseBuilders.kt:14)
	at org.jetbrains.kotlin.backend.common.phaser.NamedCompilerPhase.phaseBody(CompilerPhase.kt:166)
	at org.jetbrains.kotlin.backend.common.phaser.AbstractNamedCompilerPhase.invoke(CompilerPhase.kt:113)
	at org.jetbrains.kotlin.backend.common.phaser.CompilerPhaseKt.invokeToplevel(CompilerPhase.kt:62)
	at org.jetbrains.kotlin.backend.jvm.JvmIrCodegenFactory.invokeCodegen(JvmIrCodegenFactory.kt:371)
	at org.jetbrains.kotlin.codegen.CodegenFactory.generateModule(CodegenFactory.kt:47)
	at org.jetbrains.kotlin.backend.jvm.JvmIrCodegenFactory.generateModuleInFrontendIRMode(JvmIrCodegenFactory.kt:433)
	at org.jetbrains.kotlin.cli.jvm.compiler.pipeline.JvmCompilerPipelineKt.generateCodeFromIr(jvmCompilerPipeline.kt:192)
	at org.jetbrains.kotlin.cli.jvm.compiler.pipeline.JvmCompilerPipelineKt.runBackend(jvmCompilerPipeline.kt:80)
	at org.jetbrains.kotlin.cli.jvm.compiler.pipeline.JvmCompilerPipelineLightTreeKt.compileModule(jvmCompilerPipelineLightTree.kt:264)
	at org.jetbrains.kotlin.cli.jvm.compiler.pipeline.JvmCompilerPipelineLightTreeKt.compileSingleModuleUsingFrontendIrAndLightTree(jvmCompilerPipelineLightTree.kt:231)
	at org.jetbrains.kotlin.cli.jvm.compiler.pipeline.JvmCompilerPipelineLightTreeKt.compileModulesUsingFrontendIrAndLightTree(jvmCompilerPipelineLightTree.kt:86)
	at org.jetbrains.kotlin.cli.jvm.K2JVMCompiler.doExecute(K2JVMCompiler.kt:146)
	at org.jetbrains.kotlin.cli.jvm.K2JVMCompiler.doExecute(K2JVMCompiler.kt:43)
	at org.jetbrains.kotlin.cli.common.CLICompiler.execImpl(CLICompiler.kt:102)
	at org.jetbrains.kotlin.cli.common.CLICompiler.exec(CLICompiler.kt:316)
	at org.jetbrains.kotlin.incremental.IncrementalJvmCompilerRunner.runCompiler(IncrementalJvmCompilerRunner.kt:464)
	at org.jetbrains.kotlin.incremental.IncrementalJvmCompilerRunner.runCompiler(IncrementalJvmCompilerRunner.kt:73)
	at org.jetbrains.kotlin.incremental.IncrementalCompilerRunner.doCompile(IncrementalCompilerRunner.kt:506)
	at org.jetbrains.kotlin.incremental.IncrementalCompilerRunner.compileImpl(IncrementalCompilerRunner.kt:423)
	at org.jetbrains.kotlin.incremental.IncrementalCompilerRunner.tryCompileIncrementally$lambda$9$compile(IncrementalCompilerRunner.kt:249)
	at org.jetbrains.kotlin.incremental.IncrementalCompilerRunner.tryCompileIncrementally(IncrementalCompilerRunner.kt:267)
	at org.jetbrains.kotlin.incremental.IncrementalCompilerRunner.compile(IncrementalCompilerRunner.kt:120)
	at org.jetbrains.kotlin.daemon.CompileServiceImplBase.execIncrementalCompiler(CompileServiceImpl.kt:674)
	at org.jetbrains.kotlin.daemon.CompileServiceImplBase.access$execIncrementalCompiler(CompileServiceImpl.kt:91)
	at org.jetbrains.kotlin.daemon.CompileServiceImpl.compile(CompileServiceImpl.kt:1659)
	at java.base/jdk.internal.reflect.DirectMethodHandleAccessor.invoke(Unknown Source)
	at java.base/java.lang.reflect.Method.invoke(Unknown Source)
	at java.rmi/sun.rmi.server.UnicastServerRef.dispatch(Unknown Source)
	at java.rmi/sun.rmi.transport.Transport$1.run(Unknown Source)
	at java.rmi/sun.rmi.transport.Transport$1.run(Unknown Source)
	at java.base/java.security.AccessController.doPrivileged(Unknown Source)
	at java.rmi/sun.rmi.transport.Transport.serviceCall(Unknown Source)
	at java.rmi/sun.rmi.transport.tcp.TCPTransport.handleMessages(Unknown Source)
	at java.rmi/sun.rmi.transport.tcp.TCPTransport$ConnectionHandler.run0(Unknown Source)
	at java.rmi/sun.rmi.transport.tcp.TCPTransport$ConnectionHandler.lambda$run$0(Unknown Source)
	at java.base/java.security.AccessController.doPrivileged(Unknown Source)
	at java.rmi/sun.rmi.transport.tcp.TCPTransport$ConnectionHandler.run(Unknown Source)
	at java.base/java.util.concurrent.ThreadPoolExecutor.runWorker(Unknown Source)
	at java.base/java.util.concurrent.ThreadPoolExecutor$Worker.run(Unknown Source)
	at java.base/java.lang.Thread.run(Unknown Source)
Caused by: java.lang.RuntimeException: Exception while generating code for:
FUN name:VideoStreamPlayer visibility:public modality:FINAL <> (videoFile:java.io.File, $composer:androidx.compose.runtime.Composer?, $changed:kotlin.Int) returnType:kotlin.Unit
  annotations:
    OptIn(markerClass = [CLASS_REFERENCE 'CLASS IR_EXTERNAL_JAVA_DECLARATION_STUB ANNOTATION_CLASS name:UnstableApi modality:OPEN visibility:public superTypes:[kotlin.Any; kotlin.Annotation]' type=kotlin.reflect.KClass<androidx.media3.common.util.UnstableApi>] type=kotlin.Array<out kotlin.reflect.KClass<out kotlin.Annotation>> varargElementType=kotlin.reflect.KClass<out kotlin.Annotation>)
    Composable
    ComposableTarget(applier = "androidx.compose.ui.UiComposable")
  VALUE_PARAMETER name:videoFile index:0 type:java.io.File
  VALUE_PARAMETER name:$composer index:1 type:androidx.compose.runtime.Composer? [assignable]
  VALUE_PARAMETER name:$changed index:2 type:kotlin.Int
  BLOCK_BODY
    BLOCK type=kotlin.Unit origin=null
      SET_VAR '$composer: androidx.compose.runtime.Composer? [assignable] declared in com.example.myapplication.uiboxes.MyBoxKt.VideoStreamPlayer' type=kotlin.Unit origin=null
        CALL 'public abstract fun startRestartGroup (key: kotlin.Int): androidx.compose.runtime.Composer declared in androidx.compose.runtime.Composer' type=androidx.compose.runtime.Composer origin=null
          $this: GET_VAR '$composer: androidx.compose.runtime.Composer? [assignable] declared in com.example.myapplication.uiboxes.MyBoxKt.VideoStreamPlayer' type=androidx.compose.runtime.Composer? origin=null
          key: CONST Int type=kotlin.Int value=1766462475
      CALL 'public final fun sourceInformation (composer: androidx.compose.runtime.Composer, sourceInformation: kotlin.String): kotlin.Unit declared in androidx.compose.runtime.ComposerKt' type=kotlin.Unit origin=null
        composer: GET_VAR '$composer: androidx.compose.runtime.Composer? [assignable] declared in com.example.myapplication.uiboxes.MyBoxKt.VideoStreamPlayer' type=androidx.compose.runtime.Composer? origin=null
        sourceInformation: CONST String type=kotlin.String value="C(VideoStreamPlayer)651@20949L7,655@21105L275,667@21470L69,667@21447L92,675@21618L450,674@21587L566:MyBox.kt#ujqz4m"
    VAR name:$dirty type:kotlin.Int [val]
      GET_VAR '$changed: kotlin.Int declared in com.example.myapplication.uiboxes.MyBoxKt.VideoStreamPlayer' type=kotlin.Int origin=null
    WHEN type=kotlin.Unit origin=IF
      BRANCH
        if: CALL 'public final fun EQEQ (arg0: kotlin.Any?, arg1: kotlin.Any?): kotlin.Boolean declared in kotlin.internal.ir' type=kotlin.Boolean origin=null
          arg0: CALL 'public final fun and (other: kotlin.Int): kotlin.Int [infix] declared in kotlin.Int' type=kotlin.Int origin=null
            $this: GET_VAR '$changed: kotlin.Int declared in com.example.myapplication.uiboxes.MyBoxKt.VideoStreamPlayer' type=kotlin.Int origin=null
            other: CONST Int type=kotlin.Int value=6
          arg1: CONST Int type=kotlin.Int value=0
        then: SET_VAR 'val $dirty: kotlin.Int [val] declared in com.example.myapplication.uiboxes.MyBoxKt.VideoStreamPlayer' type=kotlin.Unit origin=null
          CALL 'public final fun or (other: kotlin.Int): kotlin.Int [infix] declared in kotlin.Int' type=kotlin.Int origin=null
            $this: GET_VAR 'val $dirty: kotlin.Int [val] declared in com.example.myapplication.uiboxes.MyBoxKt.VideoStreamPlayer' type=kotlin.Int origin=null
            other: WHEN type=kotlin.Int origin=IF
              BRANCH
                if: CALL 'public open fun changedInstance (value: kotlin.Any?): kotlin.Boolean declared in androidx.compose.runtime.Composer' type=kotlin.Boolean origin=null
                  $this: GET_VAR '$composer: androidx.compose.runtime.Composer? [assignable] declared in com.example.myapplication.uiboxes.MyBoxKt.VideoStreamPlayer' type=androidx.compose.runtime.Composer? origin=null
                  value: GET_VAR 'videoFile: java.io.File declared in com.example.myapplication.uiboxes.MyBoxKt.VideoStreamPlayer' type=java.io.File origin=null
                then: CONST Int type=kotlin.Int value=4
              BRANCH
                if: CONST Boolean type=kotlin.Boolean value=true
                then: CONST Int type=kotlin.Int value=2
    WHEN type=kotlin.Unit origin=IF
      BRANCH
        if: CALL 'public final fun OROR (arg0: kotlin.Boolean, arg1: kotlin.Boolean): kotlin.Boolean declared in kotlin.internal.ir' type=kotlin.Boolean origin=null
          arg0: CALL 'public final fun not (): kotlin.Boolean [operator] declared in kotlin.Boolean' type=kotlin.Boolean origin=null
            $this: CALL 'public final fun EQEQ (arg0: kotlin.Any?, arg1: kotlin.Any?): kotlin.Boolean declared in kotlin.internal.ir' type=kotlin.Boolean origin=null
              arg0: CALL 'public final fun and (other: kotlin.Int): kotlin.Int [infix] declared in kotlin.Int' type=kotlin.Int origin=null
                $this: GET_VAR 'val $dirty: kotlin.Int [val] declared in com.example.myapplication.uiboxes.MyBoxKt.VideoStreamPlayer' type=kotlin.Int origin=null
                other: CONST Int type=kotlin.Int value=3
              arg1: CONST Int type=kotlin.Int value=2
          arg1: CALL 'public final fun not (): kotlin.Boolean [operator] declared in kotlin.Boolean' type=kotlin.Boolean origin=null
            $this: CALL 'public abstract fun <get-skipping> (): kotlin.Boolean declared in androidx.compose.runtime.Composer' type=kotlin.Boolean origin=null
              $this: GET_VAR '$composer: androidx.compose.runtime.Composer? [assignable] declared in com.example.myapplication.uiboxes.MyBoxKt.VideoStreamPlayer' type=androidx.compose.runtime.Composer? origin=null
        then: BLOCK type=kotlin.Unit origin=null
          WHEN type=kotlin.Unit origin=IF
            BRANCH
              if: CALL 'public final fun isTraceInProgress (): kotlin.Boolean declared in androidx.compose.runtime.ComposerKt' type=kotlin.Boolean origin=null
              then: CALL 'public final fun traceEventStart (key: kotlin.Int, dirty1: kotlin.Int, dirty2: kotlin.Int, info: kotlin.String): kotlin.Unit declared in androidx.compose.runtime.ComposerKt' type=kotlin.Unit origin=null
                key: CONST Int type=kotlin.Int value=1766462475
                dirty1: GET_VAR 'val $dirty: kotlin.Int [val] declared in com.example.myapplication.uiboxes.MyBoxKt.VideoStreamPlayer' type=kotlin.Int origin=null
                dirty2: CONST Int type=kotlin.Int value=-1
                info: CONST String type=kotlin.String value="com.example.myapplication.uiboxes.VideoStreamPlayer (MyBox.kt:650)"
          VAR name:context type:android.content.Context [val]
            CALL 'public final fun <get-current> ($composer: androidx.compose.runtime.Composer?, $changed: kotlin.Int): T of androidx.compose.runtime.CompositionLocal [inline] declared in androidx.compose.runtime.CompositionLocal' type=android.content.Context origin=GET_PROPERTY
              $this: TYPE_OP type=androidx.compose.runtime.CompositionLocal<T of androidx.compose.runtime.CompositionLocal> origin=IMPLICIT_CAST typeOperand=androidx.compose.runtime.CompositionLocal<T of androidx.compose.runtime.CompositionLocal>
                CALL 'public final fun <get-LocalContext> (): androidx.compose.runtime.ProvidableCompositionLocal<android.content.Context> declared in androidx.compose.ui.platform.AndroidCompositionLocals_androidKt' type=androidx.compose.runtime.ProvidableCompositionLocal<android.content.Context> origin=GET_PROPERTY
              $composer: GET_VAR '$composer: androidx.compose.runtime.Composer? [assignable] declared in com.example.myapplication.uiboxes.MyBoxKt.VideoStreamPlayer' type=androidx.compose.runtime.Composer? origin=null
              $changed: CONST Int type=kotlin.Int value=0
          VAR name:videoUri type:@[FlexibleNullability] android.net.Uri? [val]
            CALL 'public open fun getUriForFile (p0: @[NonNull] @[EnhancedNullability] android.content.Context, p1: @[NonNull] @[EnhancedNullability] kotlin.String, p2: @[NonNull] @[EnhancedNullability] java.io.File): @[FlexibleNullability] android.net.Uri? declared in androidx.core.content.FileProvider' type=@[FlexibleNullability] android.net.Uri? origin=null
              p0: GET_VAR 'val context: android.content.Context [val] declared in com.example.myapplication.uiboxes.MyBoxKt.VideoStreamPlayer' type=android.content.Context origin=null
              p1: STRING_CONCATENATION type=kotlin.String
                CALL 'public abstract fun getPackageName (): @[FlexibleNullability] kotlin.String? declared in android.content.Context' type=@[FlexibleNullability] kotlin.String? origin=GET_PROPERTY
                  $this: GET_VAR 'val context: android.content.Context [val] declared in com.example.myapplication.uiboxes.MyBoxKt.VideoStreamPlayer' type=android.content.Context origin=null
                CONST String type=kotlin.String value=".provider"
              p2: GET_VAR 'videoFile: java.io.File declared in com.example.myapplication.uiboxes.MyBoxKt.VideoStreamPlayer' type=java.io.File origin=null
          VAR name:exoPlayer type:androidx.media3.exoplayer.ExoPlayer [val]
            BLOCK type=androidx.media3.exoplayer.ExoPlayer origin=null
              VAR IR_TEMPORARY_VARIABLE name:tmp0 type:kotlin.Any? [val]
                BLOCK type=@[EnhancedNullability] androidx.media3.exoplayer.ExoPlayer origin=null
                  BLOCK type=kotlin.Unit origin=null
                    CALL 'public abstract fun startReplaceGroup (key: kotlin.Int): kotlin.Unit declared in androidx.compose.runtime.Composer' type=kotlin.Unit origin=null
                      $this: GET_VAR '$composer: androidx.compose.runtime.Composer? [assignable] declared in com.example.myapplication.uiboxes.MyBoxKt.VideoStreamPlayer' type=androidx.compose.runtime.Composer? origin=null
                      key: CONST Int type=kotlin.Int value=93834091
                    CALL 'public final fun sourceInformation (composer: androidx.compose.runtime.Composer, sourceInformation: kotlin.String): kotlin.Unit declared in androidx.compose.runtime.ComposerKt' type=kotlin.Unit origin=null
                      composer: GET_VAR '$composer: androidx.compose.runtime.Composer? [assignable] declared in com.example.myapplication.uiboxes.MyBoxKt.VideoStreamPlayer' type=androidx.compose.runtime.Composer? origin=null
                      sourceInformation: CONST String type=kotlin.String value="CC(remember):MyBox.kt#9igjgp"
                  VAR IR_TEMPORARY_VARIABLE name:tmp0_group type:@[EnhancedNullability] androidx.media3.exoplayer.ExoPlayer [val]
                    CALL 'public final fun cache <T> (invalid: kotlin.Boolean, block: @[DisallowComposableCalls] kotlin.Function0<T of androidx.compose.runtime.ComposerKt.cache>): T of androidx.compose.runtime.ComposerKt.cache [inline] declared in androidx.compose.runtime.ComposerKt' type=@[EnhancedNullability] androidx.media3.exoplayer.ExoPlayer origin=null
                      <T>: @[EnhancedNullability] androidx.media3.exoplayer.ExoPlayer
                      $receiver: GET_VAR '$composer: androidx.compose.runtime.Composer? [assignable] declared in com.example.myapplication.uiboxes.MyBoxKt.VideoStreamPlayer' type=androidx.compose.runtime.Composer? origin=null
                      invalid: CONST Boolean type=kotlin.Boolean value=false
                      block: BLOCK type=kotlin.Function0<@[EnhancedNullability] androidx.media3.exoplayer.ExoPlayer> origin=LAMBDA
                        COMPOSITE type=kotlin.Unit origin=null
                        FUNCTION_REFERENCE 'private final fun VideoStreamPlayer$lambda$132 ($context: android.content.Context, $videoUri: @[FlexibleNullability] android.net.Uri?): @[EnhancedNullability] androidx.media3.exoplayer.ExoPlayer declared in com.example.myapplication.uiboxes.MyBoxKt' type=kotlin.Function0<@[EnhancedNullability] androidx.media3.exoplayer.ExoPlayer> origin=INLINE_LAMBDA reflectionTarget=null
                          $context: GET_VAR 'val context: android.content.Context [val] declared in com.example.myapplication.uiboxes.MyBoxKt.VideoStreamPlayer' type=android.content.Context origin=null
                          $videoUri: GET_VAR 'val videoUri: @[FlexibleNullability] android.net.Uri? [val] declared in com.example.myapplication.uiboxes.MyBoxKt.VideoStreamPlayer' type=@[FlexibleNullability] android.net.Uri? origin=null
                  CALL 'public abstract fun endReplaceGroup (): kotlin.Unit declared in androidx.compose.runtime.Composer' type=kotlin.Unit origin=null
                    $this: GET_VAR '$composer: androidx.compose.runtime.Composer? [assignable] declared in com.example.myapplication.uiboxes.MyBoxKt.VideoStreamPlayer' type=androidx.compose.runtime.Composer? origin=null
                  GET_VAR 'val tmp0_group: @[EnhancedNullability] androidx.media3.exoplayer.ExoPlayer [val] declared in com.example.myapplication.uiboxes.MyBoxKt.VideoStreamPlayer' type=@[EnhancedNullability] androidx.media3.exoplayer.ExoPlayer origin=null
              CALL 'public final fun checkNotNull (object: kotlin.Any?): kotlin.Unit declared in kotlin.jvm.internal.Intrinsics' type=kotlin.Unit origin=null
                object: GET_VAR 'val tmp0: kotlin.Any? [val] declared in com.example.myapplication.uiboxes.MyBoxKt.VideoStreamPlayer' type=kotlin.Any? origin=null
              GET_VAR 'val tmp0: kotlin.Any? [val] declared in com.example.myapplication.uiboxes.MyBoxKt.VideoStreamPlayer' type=kotlin.Any? origin=null
          CALL 'public final fun DisposableEffect (key1: kotlin.Any?, effect: @[ExtensionFunctionType] kotlin.Function1<androidx.compose.runtime.DisposableEffectScope, androidx.compose.runtime.DisposableEffectResult>, $composer: androidx.compose.runtime.Composer?, $changed: kotlin.Int): kotlin.Unit declared in androidx.compose.runtime.EffectsKt' type=kotlin.Unit origin=null
            key1: GET_FIELD 'FIELD FIELD_FOR_OBJECT_INSTANCE name:INSTANCE type:kotlin.Unit visibility:public [final,static] declared in kotlin.Unit' type=kotlin.Unit origin=null
            effect: BLOCK type=@[ExtensionFunctionType] kotlin.Function1<androidx.compose.runtime.DisposableEffectScope, androidx.compose.runtime.DisposableEffectResult> origin=null
              BLOCK type=kotlin.Unit origin=null
                CALL 'public abstract fun startReplaceGroup (key: kotlin.Int): kotlin.Unit declared in androidx.compose.runtime.Composer' type=kotlin.Unit origin=null
                  $this: GET_VAR '$composer: androidx.compose.runtime.Composer? [assignable] declared in com.example.myapplication.uiboxes.MyBoxKt.VideoStreamPlayer' type=androidx.compose.runtime.Composer? origin=null
                  key: CONST Int type=kotlin.Int value=93845565
                CALL 'public final fun sourceInformation (composer: androidx.compose.runtime.Composer, sourceInformation: kotlin.String): kotlin.Unit declared in androidx.compose.runtime.ComposerKt' type=kotlin.Unit origin=null
                  composer: GET_VAR '$composer: androidx.compose.runtime.Composer? [assignable] declared in com.example.myapplication.uiboxes.MyBoxKt.VideoStreamPlayer' type=androidx.compose.runtime.Composer? origin=null
                  sourceInformation: CONST String type=kotlin.String value="CC(remember):MyBox.kt#9igjgp"
              VAR IR_TEMPORARY_VARIABLE name:tmp1_group type:@[ExtensionFunctionType] kotlin.Function1<androidx.compose.runtime.DisposableEffectScope, androidx.compose.runtime.DisposableEffectResult> [val]
                CALL 'public final fun cache <T> (invalid: kotlin.Boolean, block: @[DisallowComposableCalls] kotlin.Function0<T of androidx.compose.runtime.ComposerKt.cache>): T of androidx.compose.runtime.ComposerKt.cache [inline] declared in androidx.compose.runtime.ComposerKt' type=@[ExtensionFunctionType] kotlin.Function1<androidx.compose.runtime.DisposableEffectScope, androidx.compose.runtime.DisposableEffectResult> origin=null
                  <T>: @[ExtensionFunctionType] kotlin.Function1<androidx.compose.runtime.DisposableEffectScope, androidx.compose.runtime.DisposableEffectResult>
                  $receiver: GET_VAR '$composer: androidx.compose.runtime.Composer? [assignable] declared in com.example.myapplication.uiboxes.MyBoxKt.VideoStreamPlayer' type=androidx.compose.runtime.Composer? origin=null
                  invalid: CALL 'public open fun changedInstance (value: kotlin.Any?): kotlin.Boolean declared in androidx.compose.runtime.Composer' type=kotlin.Boolean origin=null
                    $this: GET_VAR '$composer: androidx.compose.runtime.Composer? [assignable] declared in com.example.myapplication.uiboxes.MyBoxKt.VideoStreamPlayer' type=androidx.compose.runtime.Composer? origin=null
                    value: GET_VAR 'val exoPlayer: androidx.media3.exoplayer.ExoPlayer [val] declared in com.example.myapplication.uiboxes.MyBoxKt.VideoStreamPlayer' type=androidx.media3.exoplayer.ExoPlayer origin=null
                  block: BLOCK type=kotlin.Function0<@[ExtensionFunctionType] kotlin.Function1<androidx.compose.runtime.DisposableEffectScope, androidx.compose.runtime.DisposableEffectResult>> origin=LAMBDA
                    COMPOSITE type=kotlin.Unit origin=null
                    FUNCTION_REFERENCE 'private final fun VideoStreamPlayer$lambda$135 ($exoPlayer: androidx.media3.exoplayer.ExoPlayer): @[ExtensionFunctionType] kotlin.Function1<androidx.compose.runtime.DisposableEffectScope, androidx.compose.runtime.DisposableEffectResult> declared in com.example.myapplication.uiboxes.MyBoxKt' type=kotlin.Function0<@[ExtensionFunctionType] kotlin.Function1<androidx.compose.runtime.DisposableEffectScope, androidx.compose.runtime.DisposableEffectResult>> origin=INLINE_LAMBDA reflectionTarget=null
                      $exoPlayer: GET_VAR 'val exoPlayer: androidx.media3.exoplayer.ExoPlayer [val] declared in com.example.myapplication.uiboxes.MyBoxKt.VideoStreamPlayer' type=androidx.media3.exoplayer.ExoPlayer origin=null
              CALL 'public abstract fun endReplaceGroup (): kotlin.Unit declared in androidx.compose.runtime.Composer' type=kotlin.Unit origin=null
                $this: GET_VAR '$composer: androidx.compose.runtime.Composer? [assignable] declared in com.example.myapplication.uiboxes.MyBoxKt.VideoStreamPlayer' type=androidx.compose.runtime.Composer? origin=null
              GET_VAR 'val tmp1_group: @[ExtensionFunctionType] kotlin.Function1<androidx.compose.runtime.DisposableEffectScope, androidx.compose.runtime.DisposableEffectResult> [val] declared in com.example.myapplication.uiboxes.MyBoxKt.VideoStreamPlayer' type=@[ExtensionFunctionType] kotlin.Function1<androidx.compose.runtime.DisposableEffectScope, androidx.compose.runtime.DisposableEffectResult> origin=null
            $composer: GET_VAR '$composer: androidx.compose.runtime.Composer? [assignable] declared in com.example.myapplication.uiboxes.MyBoxKt.VideoStreamPlayer' type=androidx.compose.runtime.Composer? origin=null
            $changed: CONST Int type=kotlin.Int value=6
          CALL 'public final fun AndroidView <T> (factory: kotlin.Function1<android.content.Context, T of androidx.compose.ui.viewinterop.AndroidView_androidKt.AndroidView>, modifier: androidx.compose.ui.Modifier?, update: kotlin.Function1<T of androidx.compose.ui.viewinterop.AndroidView_androidKt.AndroidView, kotlin.Unit>?, $composer: androidx.compose.runtime.Composer?, $changed: kotlin.Int, $default: kotlin.Int): kotlin.Unit declared in androidx.compose.ui.viewinterop.AndroidView_androidKt' type=kotlin.Unit origin=null
            <T>: androidx.media3.ui.PlayerView
            factory: BLOCK type=kotlin.Function1<android.content.Context, androidx.media3.ui.PlayerView> origin=null
              BLOCK type=kotlin.Unit origin=null
                CALL 'public abstract fun startReplaceGroup (key: kotlin.Int): kotlin.Unit declared in androidx.compose.runtime.Composer' type=kotlin.Unit origin=null
                  $this: GET_VAR '$composer: androidx.compose.runtime.Composer? [assignable] declared in com.example.myapplication.uiboxes.MyBoxKt.VideoStreamPlayer' type=androidx.compose.runtime.Composer? origin=null
                  key: CONST Int type=kotlin.Int value=93850682
                CALL 'public final fun sourceInformation (composer: androidx.compose.runtime.Composer, sourceInformation: kotlin.String): kotlin.Unit declared in androidx.compose.runtime.ComposerKt' type=kotlin.Unit origin=null
                  composer: GET_VAR '$composer: androidx.compose.runtime.Composer? [assignable] declared in com.example.myapplication.uiboxes.MyBoxKt.VideoStreamPlayer' type=androidx.compose.runtime.Composer? origin=null
                  sourceInformation: CONST String type=kotlin.String value="CC(remember):MyBox.kt#9igjgp"
              VAR IR_TEMPORARY_VARIABLE name:tmp2_group type:kotlin.Function1<android.content.Context, androidx.media3.ui.PlayerView> [val]
                CALL 'public final fun cache <T> (invalid: kotlin.Boolean, block: @[DisallowComposableCalls] kotlin.Function0<T of androidx.compose.runtime.ComposerKt.cache>): T of androidx.compose.runtime.ComposerKt.cache [inline] declared in androidx.compose.runtime.ComposerKt' type=kotlin.Function1<android.content.Context, androidx.media3.ui.PlayerView> origin=null
                  <T>: kotlin.Function1<android.content.Context, androidx.media3.ui.PlayerView>
                  $receiver: GET_VAR '$composer: androidx.compose.runtime.Composer? [assignable] declared in com.example.myapplication.uiboxes.MyBoxKt.VideoStreamPlayer' type=androidx.compose.runtime.Composer? origin=null
                  invalid: CALL 'public open fun changedInstance (value: kotlin.Any?): kotlin.Boolean declared in androidx.compose.runtime.Composer' type=kotlin.Boolean origin=null
                    $this: GET_VAR '$composer: androidx.compose.runtime.Composer? [assignable] declared in com.example.myapplication.uiboxes.MyBoxKt.VideoStreamPlayer' type=androidx.compose.runtime.Composer? origin=null
                    value: GET_VAR 'val exoPlayer: androidx.media3.exoplayer.ExoPlayer [val] declared in com.example.myapplication.uiboxes.MyBoxKt.VideoStreamPlayer' type=androidx.media3.exoplayer.ExoPlayer origin=null
                  block: BLOCK type=kotlin.Function0<kotlin.Function1<android.content.Context, androidx.media3.ui.PlayerView>> origin=LAMBDA
                    COMPOSITE type=kotlin.Unit origin=null
                    FUNCTION_REFERENCE 'private final fun VideoStreamPlayer$lambda$138 ($exoPlayer: androidx.media3.exoplayer.ExoPlayer): kotlin.Function1<android.content.Context, androidx.media3.ui.PlayerView> declared in com.example.myapplication.uiboxes.MyBoxKt' type=kotlin.Function0<kotlin.Function1<android.content.Context, androidx.media3.ui.PlayerView>> origin=INLINE_LAMBDA reflectionTarget=null
                      $exoPlayer: GET_VAR 'val exoPlayer: androidx.media3.exoplayer.ExoPlayer [val] declared in com.example.myapplication.uiboxes.MyBoxKt.VideoStreamPlayer' type=androidx.media3.exoplayer.ExoPlayer origin=null
              CALL 'public abstract fun endReplaceGroup (): kotlin.Unit declared in androidx.compose.runtime.Composer' type=kotlin.Unit origin=null
                $this: GET_VAR '$composer: androidx.compose.runtime.Composer? [assignable] declared in com.example.myapplication.uiboxes.MyBoxKt.VideoStreamPlayer' type=androidx.compose.runtime.Composer? origin=null
              GET_VAR 'val tmp2_group: kotlin.Function1<android.content.Context, androidx.media3.ui.PlayerView> [val] declared in com.example.myapplication.uiboxes.MyBoxKt.VideoStreamPlayer' type=kotlin.Function1<android.content.Context, androidx.media3.ui.PlayerView> origin=null
            modifier: CALL 'public final fun aspectRatio$default (ratio: kotlin.Float, matchHeightConstraintsFirst: kotlin.Boolean, $mask0: kotlin.Int, $handler: kotlin.Any?): androidx.compose.ui.Modifier declared in androidx.compose.foundation.layout.AspectRatioKt' type=androidx.compose.ui.Modifier origin=DEFAULT_DISPATCH_CALL
              $receiver: CALL 'public final fun fillMaxHeight$default (fraction: kotlin.Float, $mask0: kotlin.Int, $handler: kotlin.Any?): androidx.compose.ui.Modifier declared in androidx.compose.foundation.layout.SizeKt' type=androidx.compose.ui.Modifier origin=DEFAULT_DISPATCH_CALL
                $receiver: CALL 'public final fun fillMaxWidth$default (fraction: kotlin.Float, $mask0: kotlin.Int, $handler: kotlin.Any?): androidx.compose.ui.Modifier declared in androidx.compose.foundation.layout.SizeKt' type=androidx.compose.ui.Modifier origin=DEFAULT_DISPATCH_CALL
                  $receiver: GET_FIELD 'FIELD FIELD_FOR_OBJECT_INSTANCE name:Companion type:androidx.compose.ui.Modifier.Companion visibility:public [final,static] declared in androidx.compose.ui.Modifier' type=androidx.compose.ui.Modifier.Companion origin=null
                  fraction: COMPOSITE type=kotlin.Float origin=DEFAULT_VALUE
                    CONST Float type=kotlin.Float value=0.0
                  $mask0: CONST Int type=kotlin.Int value=1
                  $handler: CONST Null type=kotlin.Any? value=null
                fraction: COMPOSITE type=kotlin.Float origin=DEFAULT_VALUE
                  CONST Float type=kotlin.Float value=0.0
                $mask0: CONST Int type=kotlin.Int value=1
                $handler: CONST Null type=kotlin.Any? value=null
              ratio: CONST Float type=kotlin.Float value=0.5625
              matchHeightConstraintsFirst: COMPOSITE type=kotlin.Boolean origin=DEFAULT_VALUE
                CONST Boolean type=kotlin.Boolean value=false
              $mask0: CONST Int type=kotlin.Int value=2
              $handler: CONST Null type=kotlin.Any? value=null
            update: COMPOSITE type=kotlin.Nothing? origin=DEFAULT_VALUE
              CONST Null type=kotlin.Nothing? value=null
            $composer: GET_VAR '$composer: androidx.compose.runtime.Composer? [assignable] declared in com.example.myapplication.uiboxes.MyBoxKt.VideoStreamPlayer' type=androidx.compose.runtime.Composer? origin=null
            $changed: CONST Int type=kotlin.Int value=48
            $default: CONST Int type=kotlin.Int value=4
          WHEN type=kotlin.Unit origin=IF
            BRANCH
              if: CALL 'public final fun isTraceInProgress (): kotlin.Boolean declared in androidx.compose.runtime.ComposerKt' type=kotlin.Boolean origin=null
              then: CALL 'public final fun traceEventEnd (): kotlin.Unit declared in androidx.compose.runtime.ComposerKt' type=kotlin.Unit origin=null
      BRANCH
        if: CONST Boolean type=kotlin.Boolean value=true
        then: CALL 'public abstract fun skipToGroupEnd (): kotlin.Unit declared in androidx.compose.runtime.Composer' type=kotlin.Unit origin=null
          $this: GET_VAR '$composer: androidx.compose.runtime.Composer? [assignable] declared in com.example.myapplication.uiboxes.MyBoxKt.VideoStreamPlayer' type=androidx.compose.runtime.Composer? origin=null
    BLOCK type=kotlin.Unit origin=null
      BLOCK type=kotlin.Unit origin=FOLDED_SAFE_CALL
        WHEN type=kotlin.Unit origin=FOLDED_SAFE_CALL
          BRANCH
            if: COMPOSITE type=kotlin.Boolean origin=null
              VAR IR_TEMPORARY_VARIABLE name:tmp3_safe_receiver type:androidx.compose.runtime.ScopeUpdateScope? [val]
                CALL 'public abstract fun endRestartGroup (): androidx.compose.runtime.ScopeUpdateScope? declared in androidx.compose.runtime.Composer' type=androidx.compose.runtime.ScopeUpdateScope? origin=null
                  $this: GET_VAR '$composer: androidx.compose.runtime.Composer? [assignable] declared in com.example.myapplication.uiboxes.MyBoxKt.VideoStreamPlayer' type=androidx.compose.runtime.Composer? origin=null
              CALL 'public final fun not (): kotlin.Boolean [operator] declared in kotlin.Boolean' type=kotlin.Boolean origin=null
                $this: CALL 'public final fun EQEQ (arg0: kotlin.Any?, arg1: kotlin.Any?): kotlin.Boolean declared in kotlin.internal.ir' type=kotlin.Boolean origin=null
                  arg0: GET_VAR 'val tmp3_safe_receiver: androidx.compose.runtime.ScopeUpdateScope? [val] declared in com.example.myapplication.uiboxes.MyBoxKt.VideoStreamPlayer' type=androidx.compose.runtime.ScopeUpdateScope? origin=null
                  arg1: CONST Null type=kotlin.Nothing? value=null
            then: CALL 'public abstract fun updateScope (block: kotlin.Function2<androidx.compose.runtime.Composer, kotlin.Int, kotlin.Unit>): kotlin.Unit declared in androidx.compose.runtime.ScopeUpdateScope' type=kotlin.Unit origin=null
              $this: GET_VAR 'val tmp3_safe_receiver: androidx.compose.runtime.ScopeUpdateScope? [val] declared in com.example.myapplication.uiboxes.MyBoxKt.VideoStreamPlayer' type=androidx.compose.runtime.ScopeUpdateScope? origin=null
              block: BLOCK type=kotlin.Function2<androidx.compose.runtime.Composer?, kotlin.Int, kotlin.Unit> origin=LAMBDA
                COMPOSITE type=kotlin.Unit origin=null
                CALL 'public final fun <jvm-indy> <T> (dynamicCall: T of kotlin.jvm.internal.<jvm-indy>, bootstrapMethodHandle: kotlin.Any, vararg bootstrapMethodArguments: kotlin.Any): T of kotlin.jvm.internal.<jvm-indy> declared in kotlin.jvm.internal' type=kotlin.Function2<androidx.compose.runtime.Composer?, kotlin.Int, kotlin.Unit> origin=null
                  <T>: kotlin.Function2<androidx.compose.runtime.Composer?, kotlin.Int, kotlin.Unit>
                  dynamicCall: CALL 'public final fun invoke (p0: java.io.File, p1: kotlin.Int): kotlin.Function2<androidx.compose.runtime.Composer?, kotlin.Int, kotlin.Unit> declared in kotlin.jvm.internal.invokeDynamic' type=kotlin.Function2<androidx.compose.runtime.Composer?, kotlin.Int, kotlin.Unit> origin=null
                    p0: GET_VAR 'videoFile: java.io.File declared in com.example.myapplication.uiboxes.MyBoxKt.VideoStreamPlayer' type=java.io.File origin=null
                    p1: GET_VAR '$changed: kotlin.Int declared in com.example.myapplication.uiboxes.MyBoxKt.VideoStreamPlayer' type=kotlin.Int origin=null
                  bootstrapMethodHandle: CALL 'public final fun <jvm-method-handle> (tag: kotlin.Int, owner: kotlin.String, name: kotlin.String, descriptor: kotlin.String, isInterface: kotlin.Boolean): kotlin.Any declared in kotlin.jvm.internal' type=kotlin.Any origin=null
                    tag: CONST Int type=kotlin.Int value=6
                    owner: CONST String type=kotlin.String value="java/lang/invoke/LambdaMetafactory"
                    name: CONST String type=kotlin.String value="metafactory"
                    descriptor: CONST String type=kotlin.String value="(Ljava/lang/invoke/MethodHandles$Lookup;Ljava/lang/String;Ljava/lang/invoke/MethodType;Ljava/lang/invoke/MethodType;Ljava/lang/invoke/MethodHandle;Ljava/lang/invoke/MethodType;)Ljava/lang/invoke/CallSite;"
                    isInterface: CONST Boolean type=kotlin.Boolean value=false
                  bootstrapMethodArguments: VARARG type=kotlin.Array<kotlin.Any> varargElementType=kotlin.Any
                    CALL 'public final fun <jvm-original-method-type> (method: kotlin.Any): kotlin.Any declared in kotlin.jvm.internal' type=kotlin.Any origin=null
                      method: RAW_FUNCTION_REFERENCE 'public abstract fun invoke (p1: P1 of kotlin.Function2, p2: P2 of kotlin.Function2): R of kotlin.Function2 [operator] declared in kotlin.Function2' type=kotlin.Any
                    RAW_FUNCTION_REFERENCE 'private final fun VideoStreamPlayer$lambda$139 ($videoFile: java.io.File, $$changed: kotlin.Int, $composer: androidx.compose.runtime.Composer?, $force: kotlin.Int): kotlin.Unit? declared in com.example.myapplication.uiboxes.MyBoxKt' type=kotlin.Any
                    CALL 'public final fun <jvm-original-method-type> (method: kotlin.Any): kotlin.Any declared in kotlin.jvm.internal' type=kotlin.Any origin=null
                      method: RAW_FUNCTION_REFERENCE 'public abstract fun invoke (p1: androidx.compose.runtime.Composer?, p2: kotlin.Int?): kotlin.Unit? [fake_override,operator] declared in kotlin.jvm.internal.invokeDynamic.<fake>' type=kotlin.Any
          BRANCH
            if: CONST Boolean type=kotlin.Boolean value=true
            then: CONST Null type=kotlin.Any? value=null

	at org.jetbrains.kotlin.backend.jvm.codegen.FunctionCodegen.generate(FunctionCodegen.kt:48)
	at org.jetbrains.kotlin.backend.jvm.codegen.FunctionCodegen.generate$default(FunctionCodegen.kt:41)
	at org.jetbrains.kotlin.backend.jvm.codegen.ClassCodegen.generateMethodNode(ClassCodegen.kt:407)
	at org.jetbrains.kotlin.backend.jvm.codegen.ClassCodegen.generateMethod(ClassCodegen.kt:424)
	at org.jetbrains.kotlin.backend.jvm.codegen.ClassCodegen.generate(ClassCodegen.kt:169)
	at org.jetbrains.kotlin.backend.jvm.FileCodegen.lower(JvmPhases.kt:39)
	at org.jetbrains.kotlin.backend.common.phaser.PhaseFactoriesKt.createFilePhase$lambda$4(PhaseFactories.kt:71)
	at org.jetbrains.kotlin.backend.common.phaser.PhaseBuildersKt$createSimpleNamedCompilerPhase$1.phaseBody(PhaseBuilders.kt:69)
	at org.jetbrains.kotlin.backend.common.phaser.SimpleNamedCompilerPhase.phaseBody(CompilerPhase.kt:226)
	at org.jetbrains.kotlin.backend.common.phaser.AbstractNamedCompilerPhase.invoke(CompilerPhase.kt:113)
	at org.jetbrains.kotlin.backend.common.phaser.PerformByIrFilePhase.invokeSequential(performByIrFile.kt:52)
	... 46 more
Caused by: java.lang.RuntimeException: Exception while generating code for:
FUN INLINE_LAMBDA name:VideoStreamPlayer$lambda$132 visibility:private modality:FINAL <> ($context:android.content.Context, $videoUri:@[FlexibleNullability] android.net.Uri?) returnType:@[EnhancedNullability] androidx.media3.exoplayer.ExoPlayer
  VALUE_PARAMETER BOUND_VALUE_PARAMETER name:$context index:0 type:android.content.Context
  VALUE_PARAMETER BOUND_VALUE_PARAMETER name:$videoUri index:1 type:@[FlexibleNullability] android.net.Uri?
  BLOCK_BODY
    VAR name:$i$a$-cache-MyBoxKt$VideoStreamPlayer$exoPlayer$1 type:kotlin.Int [val]
      CONST Int type=kotlin.Int value=0
    RETURN type=kotlin.Nothing from='private final fun VideoStreamPlayer$lambda$132 ($context: android.content.Context, $videoUri: @[FlexibleNullability] android.net.Uri?): @[EnhancedNullability] androidx.media3.exoplayer.ExoPlayer declared in com.example.myapplication.uiboxes.MyBoxKt'
      CALL 'public final fun apply <T> (block: @[ExtensionFunctionType] kotlin.Function1<T of kotlin.StandardKt.apply, kotlin.Unit>): T of kotlin.StandardKt.apply [inline] declared in kotlin.StandardKt' type=@[EnhancedNullability] androidx.media3.exoplayer.ExoPlayer origin=null
        <T>: @[EnhancedNullability] androidx.media3.exoplayer.ExoPlayer
        $receiver: CALL 'public open fun build (): @[EnhancedNullability] androidx.media3.exoplayer.ExoPlayer declared in androidx.media3.exoplayer.ExoPlayer.Builder' type=@[EnhancedNullability] androidx.media3.exoplayer.ExoPlayer origin=null
          $this: CONSTRUCTOR_CALL 'public constructor <init> (p0: @[EnhancedNullability] android.content.Context) declared in androidx.media3.exoplayer.ExoPlayer.Builder' type=androidx.media3.exoplayer.ExoPlayer.Builder origin=null
            p0: GET_VAR '$context: android.content.Context declared in com.example.myapplication.uiboxes.MyBoxKt.VideoStreamPlayer$lambda$132' type=android.content.Context origin=null
        block: BLOCK type=@[ExtensionFunctionType] kotlin.Function1<@[EnhancedNullability] androidx.media3.exoplayer.ExoPlayer, kotlin.Unit> origin=LAMBDA
          COMPOSITE type=kotlin.Unit origin=null
          FUNCTION_REFERENCE 'private final fun VideoStreamPlayer$lambda$132$lambda$131 ($videoUri: @[FlexibleNullability] android.net.Uri?): kotlin.Unit declared in com.example.myapplication.uiboxes.MyBoxKt' type=@[ExtensionFunctionType] kotlin.Function1<@[EnhancedNullability] androidx.media3.exoplayer.ExoPlayer, kotlin.Unit> origin=INLINE_LAMBDA reflectionTarget=null
            $videoUri: GET_VAR '$videoUri: @[FlexibleNullability] android.net.Uri? declared in com.example.myapplication.uiboxes.MyBoxKt.VideoStreamPlayer$lambda$132' type=@[FlexibleNullability] android.net.Uri? origin=null

	at org.jetbrains.kotlin.backend.jvm.codegen.FunctionCodegen.generate(FunctionCodegen.kt:48)
	at org.jetbrains.kotlin.backend.jvm.codegen.IrSourceCompilerForInline.generateLambdaBody(IrSourceCompilerForInline.kt:67)
	at org.jetbrains.kotlin.codegen.inline.ExpressionLambda.generateLambdaBody(LambdaInfo.kt:72)
	at org.jetbrains.kotlin.backend.jvm.codegen.IrInlineCodegen.genValueAndPut(IrInlineCodegen.kt:100)
	at org.jetbrains.kotlin.backend.jvm.codegen.ExpressionCodegen.visitCall$handleParameter(ExpressionCodegen.kt:561)
	at org.jetbrains.kotlin.backend.jvm.codegen.ExpressionCodegen.visitCall(ExpressionCodegen.kt:589)
	at org.jetbrains.kotlin.backend.jvm.codegen.ExpressionCodegen.visitCall(ExpressionCodegen.kt:134)
	at org.jetbrains.kotlin.ir.expressions.IrCall.accept(IrCall.kt:24)
	at org.jetbrains.kotlin.backend.jvm.codegen.ExpressionCodegen.visitVariable(ExpressionCodegen.kt:735)
	at org.jetbrains.kotlin.backend.jvm.codegen.ExpressionCodegen.visitVariable(ExpressionCodegen.kt:134)
	at org.jetbrains.kotlin.ir.declarations.IrVariable.accept(IrVariable.kt:36)
	at org.jetbrains.kotlin.backend.jvm.codegen.ExpressionCodegen.visitStatementContainer(ExpressionCodegen.kt:524)
	at org.jetbrains.kotlin.backend.jvm.codegen.ExpressionCodegen.visitContainerExpression(ExpressionCodegen.kt:538)
	at org.jetbrains.kotlin.backend.jvm.codegen.ExpressionCodegen.visitContainerExpression(ExpressionCodegen.kt:134)
	at org.jetbrains.kotlin.ir.visitors.IrElementVisitor$DefaultImpls.visitBlock(IrElementVisitor.kt:126)
	at org.jetbrains.kotlin.backend.jvm.codegen.ExpressionCodegen.visitBlock(ExpressionCodegen.kt:409)
	at org.jetbrains.kotlin.backend.jvm.codegen.ExpressionCodegen.visitBlock(ExpressionCodegen.kt:134)
	at org.jetbrains.kotlin.ir.expressions.IrBlock.accept(IrBlock.kt:18)
	at org.jetbrains.kotlin.backend.jvm.codegen.ExpressionCodegen.visitVariable(ExpressionCodegen.kt:735)
	at org.jetbrains.kotlin.backend.jvm.codegen.ExpressionCodegen.visitVariable(ExpressionCodegen.kt:134)
	at org.jetbrains.kotlin.ir.declarations.IrVariable.accept(IrVariable.kt:36)
	at org.jetbrains.kotlin.backend.jvm.codegen.ExpressionCodegen.visitStatementContainer(ExpressionCodegen.kt:524)
	at org.jetbrains.kotlin.backend.jvm.codegen.ExpressionCodegen.visitContainerExpression(ExpressionCodegen.kt:538)
	at org.jetbrains.kotlin.backend.jvm.codegen.ExpressionCodegen.visitContainerExpression(ExpressionCodegen.kt:134)
	at org.jetbrains.kotlin.ir.visitors.IrElementVisitor$DefaultImpls.visitBlock(IrElementVisitor.kt:126)
	at org.jetbrains.kotlin.backend.jvm.codegen.ExpressionCodegen.visitBlock(ExpressionCodegen.kt:409)
	at org.jetbrains.kotlin.backend.jvm.codegen.ExpressionCodegen.visitBlock(ExpressionCodegen.kt:134)
	at org.jetbrains.kotlin.ir.expressions.IrBlock.accept(IrBlock.kt:18)
	at org.jetbrains.kotlin.backend.jvm.codegen.ExpressionCodegen.visitVariable(ExpressionCodegen.kt:735)
	at org.jetbrains.kotlin.backend.jvm.codegen.ExpressionCodegen.visitVariable(ExpressionCodegen.kt:134)
	at org.jetbrains.kotlin.ir.declarations.IrVariable.accept(IrVariable.kt:36)
	at org.jetbrains.kotlin.backend.jvm.codegen.ExpressionCodegen.visitStatementContainer(ExpressionCodegen.kt:524)
	at org.jetbrains.kotlin.backend.jvm.codegen.ExpressionCodegen.visitContainerExpression(ExpressionCodegen.kt:538)
	at org.jetbrains.kotlin.backend.jvm.codegen.ExpressionCodegen.visitContainerExpression(ExpressionCodegen.kt:134)
	at org.jetbrains.kotlin.ir.visitors.IrElementVisitor$DefaultImpls.visitBlock(IrElementVisitor.kt:126)
	at org.jetbrains.kotlin.backend.jvm.codegen.ExpressionCodegen.visitBlock(ExpressionCodegen.kt:409)
	at org.jetbrains.kotlin.backend.jvm.codegen.ExpressionCodegen.visitBlock(ExpressionCodegen.kt:134)
	at org.jetbrains.kotlin.ir.expressions.IrBlock.accept(IrBlock.kt:18)
	at org.jetbrains.kotlin.backend.jvm.codegen.ExpressionCodegen.visitWhen(ExpressionCodegen.kt:1050)
	at org.jetbrains.kotlin.backend.jvm.codegen.ExpressionCodegen.visitWhen(ExpressionCodegen.kt:134)
	at org.jetbrains.kotlin.ir.expressions.IrWhen.accept(IrWhen.kt:24)
	at org.jetbrains.kotlin.backend.jvm.codegen.ExpressionCodegen.visitStatementContainer(ExpressionCodegen.kt:524)
	at org.jetbrains.kotlin.backend.jvm.codegen.ExpressionCodegen.visitBlockBody(ExpressionCodegen.kt:529)
	at org.jetbrains.kotlin.backend.jvm.codegen.ExpressionCodegen.visitBlockBody(ExpressionCodegen.kt:134)
	at org.jetbrains.kotlin.ir.expressions.IrBlockBody.accept(IrBlockBody.kt:20)
	at org.jetbrains.kotlin.backend.jvm.codegen.ExpressionCodegen.generate(ExpressionCodegen.kt:236)
	at org.jetbrains.kotlin.backend.jvm.codegen.FunctionCodegen.doGenerate(FunctionCodegen.kt:124)
	at org.jetbrains.kotlin.backend.jvm.codegen.FunctionCodegen.generate(FunctionCodegen.kt:45)
	... 56 more
Caused by: java.lang.RuntimeException: Exception while generating code for:
FUN INLINE_LAMBDA name:VideoStreamPlayer$lambda$132$lambda$131 visibility:private modality:FINAL <> ($receiver:@[EnhancedNullability] androidx.media3.exoplayer.ExoPlayer, $videoUri:@[FlexibleNullability] android.net.Uri?) returnType:kotlin.Unit
  $receiver: VALUE_PARAMETER name:$this$apply type:@[EnhancedNullability] androidx.media3.exoplayer.ExoPlayer
  VALUE_PARAMETER BOUND_VALUE_PARAMETER name:$videoUri index:0 type:@[FlexibleNullability] android.net.Uri?
  BLOCK_BODY
    VAR name:$i$a$-apply-MyBoxKt$VideoStreamPlayer$exoPlayer$1$1 type:kotlin.Int [val]
      CONST Int type=kotlin.Int value=0
    CALL 'public abstract fun setMediaItem (p0: @[EnhancedNullability] androidx.media3.common.MediaItem): kotlin.Unit [fake_override] declared in androidx.media3.exoplayer.ExoPlayer' type=kotlin.Unit origin=null
      $this: GET_VAR '$this$apply: @[EnhancedNullability] androidx.media3.exoplayer.ExoPlayer declared in com.example.myapplication.uiboxes.MyBoxKt.VideoStreamPlayer$lambda$132$lambda$131' type=@[EnhancedNullability] androidx.media3.exoplayer.ExoPlayer origin=null
      p0: CALL 'public open fun fromUri (p0: @[EnhancedNullability] android.net.Uri): @[EnhancedNullability] androidx.media3.common.MediaItem declared in androidx.media3.common.MediaItem' type=@[EnhancedNullability] androidx.media3.common.MediaItem origin=null
        p0: GET_VAR '$videoUri: @[FlexibleNullability] android.net.Uri? declared in com.example.myapplication.uiboxes.MyBoxKt.VideoStreamPlayer$lambda$132$lambda$131' type=@[FlexibleNullability] android.net.Uri? origin=null
    CALL 'public abstract fun prepare (): kotlin.Unit [fake_override] declared in androidx.media3.exoplayer.ExoPlayer' type=kotlin.Unit origin=null
      $this: GET_VAR '$this$apply: @[EnhancedNullability] androidx.media3.exoplayer.ExoPlayer declared in com.example.myapplication.uiboxes.MyBoxKt.VideoStreamPlayer$lambda$132$lambda$131' type=@[EnhancedNullability] androidx.media3.exoplayer.ExoPlayer origin=null
    CALL 'public abstract fun setPlayWhenReady (p0: kotlin.Boolean): kotlin.Unit [fake_override] declared in androidx.media3.exoplayer.ExoPlayer' type=kotlin.Unit origin=EQ
      $this: GET_VAR '$this$apply: @[EnhancedNullability] androidx.media3.exoplayer.ExoPlayer declared in com.example.myapplication.uiboxes.MyBoxKt.VideoStreamPlayer$lambda$132$lambda$131' type=@[EnhancedNullability] androidx.media3.exoplayer.ExoPlayer origin=null
      p0: CONST Boolean type=kotlin.Boolean value=true
    SET_FIELD 'FIELD IR_EXTERNAL_JAVA_DECLARATION_STUB name:resizeMode type:kotlin.Int visibility:public [final,static] declared in android.R.attr' type=kotlin.Unit superQualifierSymbol=android.R.attr origin=EQ
      value: CONST Int type=kotlin.Int value=4

	at org.jetbrains.kotlin.backend.jvm.codegen.FunctionCodegen.generate(FunctionCodegen.kt:48)
	at org.jetbrains.kotlin.backend.jvm.codegen.IrSourceCompilerForInline.generateLambdaBody(IrSourceCompilerForInline.kt:67)
	at org.jetbrains.kotlin.codegen.inline.ExpressionLambda.generateLambdaBody(LambdaInfo.kt:72)
	at org.jetbrains.kotlin.backend.jvm.codegen.IrInlineCodegen.genValueAndPut(IrInlineCodegen.kt:100)
	at org.jetbrains.kotlin.backend.jvm.codegen.ExpressionCodegen.visitCall$handleParameter(ExpressionCodegen.kt:561)
	at org.jetbrains.kotlin.backend.jvm.codegen.ExpressionCodegen.visitCall(ExpressionCodegen.kt:589)
	at org.jetbrains.kotlin.backend.jvm.codegen.ExpressionCodegen.visitCall(ExpressionCodegen.kt:134)
	at org.jetbrains.kotlin.ir.expressions.IrCall.accept(IrCall.kt:24)
	at org.jetbrains.kotlin.backend.jvm.codegen.ExpressionCodegen.visitReturn(ExpressionCodegen.kt:1000)
	at org.jetbrains.kotlin.backend.jvm.codegen.ExpressionCodegen.visitReturn(ExpressionCodegen.kt:134)
	at org.jetbrains.kotlin.ir.expressions.IrReturn.accept(IrReturn.kt:24)
	at org.jetbrains.kotlin.backend.jvm.codegen.ExpressionCodegen.visitStatementContainer(ExpressionCodegen.kt:524)
	at org.jetbrains.kotlin.backend.jvm.codegen.ExpressionCodegen.visitBlockBody(ExpressionCodegen.kt:529)
	at org.jetbrains.kotlin.backend.jvm.codegen.ExpressionCodegen.visitBlockBody(ExpressionCodegen.kt:134)
	at org.jetbrains.kotlin.ir.expressions.IrBlockBody.accept(IrBlockBody.kt:20)
	at org.jetbrains.kotlin.backend.jvm.codegen.ExpressionCodegen.generate(ExpressionCodegen.kt:236)
	at org.jetbrains.kotlin.backend.jvm.codegen.FunctionCodegen.doGenerate(FunctionCodegen.kt:124)
	at org.jetbrains.kotlin.backend.jvm.codegen.FunctionCodegen.generate(FunctionCodegen.kt:45)
	... 103 more
Caused by: java.lang.AssertionError: access of const val: SET_FIELD 'FIELD IR_EXTERNAL_JAVA_DECLARATION_STUB name:resizeMode type:kotlin.Int visibility:public [final,static] declared in android.R.attr' type=kotlin.Unit superQualifierSymbol=android.R.attr origin=EQ
  value: CONST Int type=kotlin.Int value=4

	at org.jetbrains.kotlin.backend.jvm.codegen.ExpressionCodegen.visitFieldAccess(ExpressionCodegen.kt:813)
	at org.jetbrains.kotlin.backend.jvm.codegen.ExpressionCodegen.visitFieldAccess(ExpressionCodegen.kt:134)
	at org.jetbrains.kotlin.ir.visitors.IrElementVisitor$DefaultImpls.visitSetField(IrElementVisitor.kt:210)
	at org.jetbrains.kotlin.backend.jvm.codegen.ExpressionCodegen.visitSetField(ExpressionCodegen.kt:860)
	at org.jetbrains.kotlin.backend.jvm.codegen.ExpressionCodegen.visitSetField(ExpressionCodegen.kt:134)
	at org.jetbrains.kotlin.ir.expressions.IrSetField.accept(IrSetField.kt:21)
	at org.jetbrains.kotlin.backend.jvm.codegen.ExpressionCodegen.visitStatementContainer(ExpressionCodegen.kt:524)
	at org.jetbrains.kotlin.backend.jvm.codegen.ExpressionCodegen.visitBlockBody(ExpressionCodegen.kt:529)
	at org.jetbrains.kotlin.backend.jvm.codegen.ExpressionCodegen.visitBlockBody(ExpressionCodegen.kt:134)
	at org.jetbrains.kotlin.ir.expressions.IrBlockBody.accept(IrBlockBody.kt:20)
	at org.jetbrains.kotlin.backend.jvm.codegen.ExpressionCodegen.generate(ExpressionCodegen.kt:236)
	at org.jetbrains.kotlin.backend.jvm.codegen.FunctionCodegen.doGenerate(FunctionCodegen.kt:124)
	at org.jetbrains.kotlin.backend.jvm.codegen.FunctionCodegen.generate(FunctionCodegen.kt:45)
	... 120 more


